// Jest Snapshot v1, https://goo.gl/fbAQLP

exports[`toBeVisible renders snapshot with red and hidden 1`] = `
<div>
  <div
    class="sc-dlnjwi kesRvd"
  >
    <div
      class="sc-bdnxRM hdqktR"
      data-testid="foo"
      id="bar"
    />
  </div>
</div>
`;
